<?xml version="1.0" encoding="UTF-8"?>
<testng-results ignored="0" total="11" passed="11" failed="0" skipped="0">
  <reporter-output>
  </reporter-output>
  <suite started-at="2024-03-20T11:50:12 IST" name="Test case suite e-commerce application" finished-at="2024-03-20T11:56:25 IST" duration-ms="373055">
    <groups>
      <group name="Regression_Test">
        <method signature="QKART_Tests.TestCase04()[pri:4, instance:QKART_TESTNG.QKART_Tests@6976e96d]" name="TestCase04" class="QKART_TESTNG.QKART_Tests"/>
        <method signature="QKART_Tests.TestCase06(java.lang.String,java.lang.String)[pri:6, instance:QKART_TESTNG.QKART_Tests@6976e96d]" name="TestCase06" class="QKART_TESTNG.QKART_Tests"/>
        <method signature="QKART_Tests.TestCase08()[pri:8, instance:QKART_TESTNG.QKART_Tests@6976e96d]" name="TestCase08" class="QKART_TESTNG.QKART_Tests"/>
        <method signature="QKART_Tests.TestCase09()[pri:9, instance:QKART_TESTNG.QKART_Tests@6976e96d]" name="TestCase09" class="QKART_TESTNG.QKART_Tests"/>
        <method signature="QKART_Tests.TestCase10()[pri:10, instance:QKART_TESTNG.QKART_Tests@6976e96d]" name="TestCase10" class="QKART_TESTNG.QKART_Tests"/>
      </group> <!-- Regression_Test -->
      <group name="Sanity_test">
        <method signature="QKART_Tests.TestCase01(java.lang.String,java.lang.String)[pri:1, instance:QKART_TESTNG.QKART_Tests@6976e96d]" name="TestCase01" class="QKART_TESTNG.QKART_Tests"/>
        <method signature="QKART_Tests.TestCase02()[pri:2, instance:QKART_TESTNG.QKART_Tests@6976e96d]" name="TestCase02" class="QKART_TESTNG.QKART_Tests"/>
        <method signature="QKART_Tests.TestCase03()[pri:3, instance:QKART_TESTNG.QKART_Tests@6976e96d]" name="TestCase03" class="QKART_TESTNG.QKART_Tests"/>
        <method signature="QKART_Tests.TestCase05(java.lang.String,java.lang.String,java.lang.String)[pri:5, instance:QKART_TESTNG.QKART_Tests@6976e96d]" name="TestCase05" class="QKART_TESTNG.QKART_Tests"/>
        <method signature="QKART_Tests.TestCase07(java.lang.String,java.lang.String)[pri:7, instance:QKART_TESTNG.QKART_Tests@6976e96d]" name="TestCase07" class="QKART_TESTNG.QKART_Tests"/>
        <method signature="QKART_Tests.TestCase11()[pri:11, instance:QKART_TESTNG.QKART_Tests@6976e96d]" name="TestCase11" class="QKART_TESTNG.QKART_Tests"/>
      </group> <!-- Sanity_test -->
    </groups>
    <test started-at="2024-03-20T11:50:12 IST" name="Test case execution on Chrome browser" finished-at="2024-03-20T11:56:25 IST" duration-ms="373055">
      <class name="QKART_TESTNG.QKART_Tests">
        <test-method is-config="true" signature="createDriver()[pri:0, instance:QKART_TESTNG.QKART_Tests@6976e96d]" started-at="2024-03-20T11:50:09 IST" name="createDriver" finished-at="2024-03-20T11:50:12 IST" duration-ms="3296" status="PASS">
          <reporter-output>
          </reporter-output>
        </test-method> <!-- createDriver -->
        <test-method signature="TestCase01(java.lang.String,java.lang.String)[pri:1, instance:QKART_TESTNG.QKART_Tests@6976e96d]" started-at="2024-03-20T11:50:12 IST" name="TestCase01" description="Verify registration happens correctly" finished-at="2024-03-20T11:50:25 IST" duration-ms="12906" status="PASS">
          <params>
            <param index="0">
              <value>
                <![CDATA[testUser]]>
              </value>
            </param>
            <param index="1">
              <value>
                <![CDATA[abc@123]]>
              </value>
            </param>
          </params>
          <reporter-output>
          </reporter-output>
        </test-method> <!-- TestCase01 -->
        <test-method signature="TestCase02()[pri:2, instance:QKART_TESTNG.QKART_Tests@6976e96d]" started-at="2024-03-20T11:50:26 IST" name="TestCase02" description="Verify re-registering an already registered user fails" finished-at="2024-03-20T11:51:01 IST" duration-ms="35580" status="PASS">
          <reporter-output>
          </reporter-output>
        </test-method> <!-- TestCase02 -->
        <test-method signature="TestCase03()[pri:3, instance:QKART_TESTNG.QKART_Tests@6976e96d]" started-at="2024-03-20T11:51:02 IST" name="TestCase03" description="Verify the functionality of search text box" finished-at="2024-03-20T11:51:37 IST" duration-ms="34919" status="PASS">
          <reporter-output>
          </reporter-output>
        </test-method> <!-- TestCase03 -->
        <test-method signature="TestCase04()[pri:4, instance:QKART_TESTNG.QKART_Tests@6976e96d]" started-at="2024-03-20T11:51:38 IST" name="TestCase04" description="Verify the existence of size chart for certain items and validate contents of size chart" finished-at="2024-03-20T11:51:58 IST" duration-ms="20622" status="PASS">
          <reporter-output>
          </reporter-output>
        </test-method> <!-- TestCase04 -->
        <test-method signature="TestCase05(java.lang.String,java.lang.String,java.lang.String)[pri:5, instance:QKART_TESTNG.QKART_Tests@6976e96d]" started-at="2024-03-20T11:51:59 IST" name="TestCase05" description="Verify that a new user can add multiple products in to the cart and Checkout" finished-at="2024-03-20T11:52:27 IST" duration-ms="28019" status="PASS">
          <params>
            <param index="0">
              <value>
                <![CDATA[YONEX]]>
              </value>
            </param>
            <param index="1">
              <value>
                <![CDATA[Tan]]>
              </value>
            </param>
            <param index="2">
              <value>
                <![CDATA[Addr line 1 addr Line 2 addr line 3]]>
              </value>
            </param>
          </params>
          <reporter-output>
          </reporter-output>
        </test-method> <!-- TestCase05 -->
        <test-method signature="TestCase06(java.lang.String,java.lang.String)[pri:6, instance:QKART_TESTNG.QKART_Tests@6976e96d]" started-at="2024-03-20T11:52:28 IST" name="TestCase06" description="Verify that the contents of the cart can be edited" finished-at="2024-03-20T11:53:02 IST" duration-ms="33775" status="PASS">
          <params>
            <param index="0">
              <value>
                <![CDATA[Xtend]]>
              </value>
            </param>
            <param index="1">
              <value>
                <![CDATA[Yarine]]>
              </value>
            </param>
          </params>
          <reporter-output>
          </reporter-output>
        </test-method> <!-- TestCase06 -->
        <test-method signature="TestCase07(java.lang.String,java.lang.String)[pri:7, instance:QKART_TESTNG.QKART_Tests@6976e96d]" started-at="2024-03-20T11:53:03 IST" name="TestCase07" description="Verify that insufficient balance error is thrown when the wallet balance is not enough" finished-at="2024-03-20T11:55:34 IST" duration-ms="151229" status="PASS">
          <params>
            <param index="0">
              <value>
                <![CDATA[Stylecon]]>
              </value>
            </param>
            <param index="1">
              <value>
                <![CDATA[60]]>
              </value>
            </param>
          </params>
          <reporter-output>
          </reporter-output>
        </test-method> <!-- TestCase07 -->
        <test-method signature="TestCase08()[pri:8, instance:QKART_TESTNG.QKART_Tests@6976e96d]" started-at="2024-03-20T11:55:34 IST" name="TestCase08" description="Verify that a product added to a cart is available when a new tab is added" finished-at="2024-03-20T11:55:49 IST" duration-ms="15180" status="PASS">
          <reporter-output>
          </reporter-output>
        </test-method> <!-- TestCase08 -->
        <test-method signature="TestCase09()[pri:9, instance:QKART_TESTNG.QKART_Tests@6976e96d]" started-at="2024-03-20T11:55:50 IST" name="TestCase09" description="Verify that privacy policy and about us links are working fine" finished-at="2024-03-20T11:55:58 IST" duration-ms="8589" status="PASS">
          <reporter-output>
          </reporter-output>
        </test-method> <!-- TestCase09 -->
        <test-method signature="TestCase10()[pri:10, instance:QKART_TESTNG.QKART_Tests@6976e96d]" started-at="2024-03-20T11:55:59 IST" name="TestCase10" description="Verify that the contact us dialog works fine" finished-at="2024-03-20T11:56:01 IST" duration-ms="1833" status="PASS">
          <reporter-output>
          </reporter-output>
        </test-method> <!-- TestCase10 -->
        <test-method signature="TestCase11()[pri:11, instance:QKART_TESTNG.QKART_Tests@6976e96d]" started-at="2024-03-20T11:56:01 IST" name="TestCase11" description="Ensure that the Advertisement Links on the QKART page are clickable" finished-at="2024-03-20T11:56:25 IST" duration-ms="23582" status="PASS">
          <reporter-output>
          </reporter-output>
        </test-method> <!-- TestCase11 -->
      </class> <!-- QKART_TESTNG.QKART_Tests -->
    </test> <!-- Test case execution on Chrome browser -->
  </suite> <!-- Test case suite e-commerce application -->
</testng-results>
